\BOOKMARK [0][-]{chapter*.4}{\376\377\000I\000n\000t\000r\000o\000d\000u\000c\000t\000i\000o\000n}{}% 1
\BOOKMARK [0][-]{chapter.1}{\376\377\000I\000n\000t\000r\000o\000d\000u\000c\000t\000i\000o\000n\000\040\000t\000o\000\040\000Q\000u\000a\000n\000t\000u\000m\000\040\000F\000i\000e\000l\000d\000\040\000T\000h\000e\000o\000r\000y}{}% 2
\BOOKMARK [1][-]{section.1.1}{\376\377\000B\000a\000s\000i\000c\000\040\000C\000o\000n\000s\000t\000r\000u\000c\000t\000i\000o\000n\000\040\000a\000n\000d\000\040\000L\000a\000g\000r\000a\000n\000g\000i\000a\000n\000s}{chapter.1}% 3
\BOOKMARK [1][-]{section.1.2}{\376\377\000C\000a\000n\000o\000n\000i\000c\000a\000l\000\040\000Q\000u\000a\000n\000t\000i\000z\000a\000t\000i\000o\000n}{chapter.1}% 4
\BOOKMARK [1][-]{section.1.3}{\376\377\000T\000h\000e\000\040\000P\000a\000t\000h\000\040\000I\000n\000t\000e\000g\000r\000a\000l\000\040\000F\000o\000r\000m\000a\000l\000i\000s\000m}{chapter.1}% 5
\BOOKMARK [2][-]{subsection.1.3.1}{\376\377\000P\000a\000t\000h\000\040\000I\000n\000t\000e\000g\000r\000a\000l\000\040\000i\000n\000\040\000Q\000u\000a\000n\000t\000u\000m\000\040\000M\000e\000c\000h\000a\000n\000i\000c\000s}{section.1.3}% 6
\BOOKMARK [2][-]{subsection.1.3.2}{\376\377\000P\000a\000t\000h\000\040\000I\000n\000t\000e\000g\000r\000a\000l\000s\000\040\000i\000n\000\040\000Q\000u\000a\000n\000t\000u\000m\000\040\000F\000i\000e\000l\000d\000\040\000T\000h\000e\000o\000r\000y}{section.1.3}% 7
\BOOKMARK [2][-]{subsection.1.3.3}{\376\377\000Q\000u\000a\000n\000t\000i\000z\000a\000t\000i\000o\000n\000\040\000o\000f\000\040\000S\000c\000a\000l\000a\000r\000\040\000F\000i\000e\000l\000d\000\040\000T\000h\000e\000o\000r\000y}{section.1.3}% 8
\BOOKMARK [2][-]{subsection.1.3.4}{\376\377\000Q\000u\000a\000n\000t\000i\000z\000a\000t\000i\000o\000n\000\040\000o\000f\000\040\000F\000e\000r\000m\000i\000o\000n\000i\000c\000\040\000F\000i\000e\000l\000d\000s}{section.1.3}% 9
\BOOKMARK [2][-]{subsection.1.3.5}{\376\377\000Q\000u\000a\000n\000t\000i\000z\000a\000t\000i\000o\000n\000\040\000o\000f\000\040\000A\000b\000e\000l\000i\000a\000n\000\040\000G\000a\000u\000g\000e\000\040\000F\000i\000e\000l\000d\000s}{section.1.3}% 10
\BOOKMARK [1][-]{section.1.4}{\376\377\000P\000e\000r\000t\000u\000r\000b\000a\000t\000i\000o\000n\000\040\000T\000h\000e\000o\000r\000y\000\040\000i\000n\000\040\000Q\000u\000a\000n\000t\000u\000m\000\040\000F\000i\000e\000l\000d\000\040\000T\000h\000e\000o\000r\000y}{chapter.1}% 11
\BOOKMARK [2][-]{subsection.1.4.1}{\376\377\000P\000e\000r\000t\000u\000r\000b\000a\000t\000i\000o\000n\000\040\000T\000h\000e\000o\000r\000y\000\040\000f\000r\000o\000m\000\040\000P\000a\000t\000h\000\040\000I\000n\000t\000e\000g\000r\000a\000l\000s}{section.1.4}% 12
\BOOKMARK [2][-]{subsection.1.4.2}{\376\377\000L\000S\000Z\000-\000R\000e\000d\000u\000c\000t\000i\000o\000n\000\040\000F\000o\000r\000m\000u\000l\000a\000\040\000a\000n\000d\000\040\000C\000r\000o\000s\000s\000\040\000S\000e\000c\000t\000i\000o\000n}{section.1.4}% 13
\BOOKMARK [1][-]{section.1.5}{\376\377\000R\000e\000g\000u\000l\000a\000r\000i\000z\000a\000t\000i\000o\000n\000\040\000a\000n\000d\000\040\000R\000e\000n\000o\000r\000m\000a\000l\000i\000z\000a\000t\000i\000o\000n}{chapter.1}% 14
\BOOKMARK [2][-]{subsection.1.5.1}{\376\377\000D\000i\000m\000e\000n\000s\000i\000o\000n\000a\000l\000\040\000R\000e\000g\000u\000l\000a\000r\000i\000z\000a\000t\000i\000o\000n\000\040\000a\000n\000d\000\040\000F\000e\000y\000n\000m\000a\000n\000\040\000P\000a\000r\000a\000m\000e\000r\000i\000z\000a\000t\000i\000o\000n}{section.1.5}% 15
\BOOKMARK [2][-]{subsection.1.5.2}{\376\377\000R\000e\000n\000o\000r\000m\000a\000l\000i\000z\000e\000d\000\040\000P\000e\000r\000t\000u\000r\000b\000a\000t\000i\000o\000n\000\040\000T\000h\000e\000o\000r\000y}{section.1.5}% 16
\BOOKMARK [2][-]{subsection.1.5.3}{\376\377\000T\000h\000e\000\040\000C\000a\000l\000l\000a\000n\000-\000S\000y\000m\000a\000n\000z\000i\000k\000\040\000E\000q\000u\000a\000t\000i\000o\000n}{section.1.5}% 17
\BOOKMARK [0][-]{chapter.2}{\376\377\000G\000e\000o\000m\000e\000t\000r\000y\000\040\000o\000f\000\040\000G\000a\000u\000g\000e\000\040\000T\000h\000e\000o\000r\000i\000e\000s\000\040\000a\000n\000d\000\040\000W\000i\000l\000s\000o\000n\000\040\000L\000i\000n\000e\000s}{}% 18
\BOOKMARK [1][-]{section.2.1}{\376\377\000M\000a\000t\000h\000e\000m\000a\000t\000i\000c\000a\000l\000\040\000C\000o\000n\000c\000e\000p\000t\000s\000\040\000i\000n\000\040\000G\000a\000u\000g\000e\000\040\000T\000h\000e\000o\000r\000i\000e\000s}{chapter.2}% 19
\BOOKMARK [2][-]{subsection.2.1.1}{\376\377\000B\000a\000s\000i\000c\000s\000\040\000i\000n\000\040\000D\000i\000f\000f\000e\000r\000e\000n\000t\000i\000a\000l\000\040\000G\000e\000o\000m\000e\000t\000r\000y}{section.2.1}% 20
\BOOKMARK [2][-]{subsection.2.1.2}{\376\377\000G\000a\000u\000g\000e\000\040\000F\000i\000e\000l\000d\000s\000\040\000a\000s\000\040\000C\000o\000n\000n\000e\000c\000t\000i\000o\000n\000s\000\040\000o\000n\000\040\000P\000r\000i\000n\000c\000i\000p\000a\000l\000\040\000F\000i\000b\000r\000e\000\040\000B\000u\000n\000d\000l\000e\000s}{section.2.1}% 21
\BOOKMARK [2][-]{subsection.2.1.3}{\376\377\000C\000u\000r\000v\000a\000t\000u\000r\000e\000\040\000a\000n\000d\000\040\000F\000i\000e\000l\000d\000\040\000S\000t\000r\000e\000n\000g\000t\000h}{section.2.1}% 22
\BOOKMARK [1][-]{section.2.2}{\376\377\000Y\000a\000n\000g\000-\000M\000i\000l\000l\000s\000\040\000T\000h\000e\000o\000r\000i\000e\000s\000\040\000f\000r\000o\000m\000\040\000W\000i\000l\000s\000o\000n\000\040\000L\000i\000n\000e\000s}{chapter.2}% 23
\BOOKMARK [2][-]{subsection.2.2.1}{\376\377\000C\000o\000v\000a\000r\000i\000a\000n\000t\000\040\000D\000e\000r\000i\000v\000a\000t\000i\000v\000e\000\040\000a\000n\000d\000\040\000W\000i\000l\000s\000o\000n\000\040\000L\000i\000n\000e\000s}{section.2.2}% 24
\BOOKMARK [2][-]{subsection.2.2.2}{\376\377\000F\000i\000e\000l\000d\000\040\000S\000t\000r\000e\000n\000g\000t\000h\000\040\000T\000e\000n\000s\000o\000r\000\040\000a\000n\000d\000\040\000W\000i\000l\000s\000o\000n\000\040\000L\000o\000o\000p\000s}{section.2.2}% 25
\BOOKMARK [2][-]{subsection.2.2.3}{\376\377\000Q\000u\000a\000n\000t\000i\000z\000a\000t\000i\000o\000n\000\040\000o\000f\000\040\000Y\000a\000n\000g\000-\000M\000i\000l\000l\000s\000\040\000T\000h\000e\000o\000r\000i\000e\000s}{section.2.2}% 26
\BOOKMARK [1][-]{section.2.3}{\376\377\000W\000i\000l\000s\000o\000n\000\040\000L\000i\000n\000e\000\040\000P\000r\000o\000p\000e\000r\000t\000i\000e\000s}{chapter.2}% 27
\BOOKMARK [0][-]{chapter.3}{\376\377\000P\000e\000r\000t\000u\000r\000b\000a\000t\000i\000v\000e\000\040\000Q\000u\000a\000n\000t\000u\000m\000\040\000C\000h\000r\000o\000m\000o\000d\000y\000n\000a\000m\000i\000c\000s}{}% 28
\BOOKMARK [1][-]{section.3.1}{\376\377\000F\000i\000e\000l\000d\000\040\000T\000h\000e\000o\000r\000e\000t\000i\000c\000a\000l\000\040\000D\000e\000s\000c\000r\000i\000p\000t\000i\000o\000n}{chapter.3}% 29
\BOOKMARK [1][-]{section.3.2}{\376\377\000D\000e\000e\000p\000\040\000I\000n\000e\000l\000a\000s\000t\000i\000c\000\040\000S\000c\000a\000t\000t\000e\000r\000i\000n\000g}{chapter.3}% 30
\BOOKMARK [2][-]{subsection.3.2.1}{\376\377\000D\000I\000S\000\040\000a\000n\000d\000\040\000t\000h\000e\000\040\000P\000a\000r\000t\000o\000n\000\040\000M\000o\000d\000e\000l}{section.3.2}% 31
\BOOKMARK [2][-]{subsection.3.2.2}{\376\377\000C\000o\000l\000l\000i\000n\000e\000a\000r\000\040\000F\000a\000c\000t\000o\000r\000i\000z\000a\000t\000i\000o\000n\000\040\000i\000n\000\040\000Q\000C\000D}{section.3.2}% 32
\BOOKMARK [2][-]{subsection.3.2.3}{\376\377\000O\000p\000e\000r\000a\000t\000o\000r\000\040\000D\000e\000f\000i\000n\000i\000t\000i\000o\000n\000\040\000f\000o\000r\000\040\000P\000D\000F\000s}{section.3.2}% 33
\BOOKMARK [2][-]{subsection.3.2.4}{\376\377\000G\000a\000u\000g\000e\000\040\000I\000n\000v\000a\000r\000i\000a\000n\000t\000\040\000P\000a\000r\000t\000o\000n\000\040\000D\000i\000s\000t\000r\000i\000b\000u\000t\000i\000o\000n\000s}{section.3.2}% 34
\BOOKMARK [2][-]{subsection.3.2.5}{\376\377\000P\000a\000r\000t\000o\000n\000-\000i\000n\000-\000P\000a\000r\000t\000o\000n\000\040\000D\000i\000s\000t\000r\000i\000b\000u\000t\000i\000o\000n\000s}{section.3.2}% 35
\BOOKMARK [1][-]{section.3.3}{\376\377\000D\000r\000e\000l\000l\000-\000Y\000a\000n\000\040\000C\000r\000o\000s\000s\000\040\000S\000e\000c\000t\000i\000o\000n\000\040\000i\000n\000\040\000Q\000C\000D}{chapter.3}% 36
\BOOKMARK [2][-]{subsection.3.3.1}{\376\377\000L\000O\000\040\000D\000r\000e\000l\000l\000-\000Y\000a\000n\000\040\000C\000r\000o\000s\000s\000\040\000S\000e\000c\000t\000i\000o\000n}{section.3.3}% 37
\BOOKMARK [2][-]{subsection.3.3.2}{\376\377\000N\000L\000O\000\040\000D\000r\000e\000l\000l\000-\000Y\000a\000n\000\040\000C\000r\000o\000s\000s\000\040\000S\000e\000c\000t\000i\000o\000n}{section.3.3}% 38
\BOOKMARK [2][-]{subsection.3.3.3}{\376\377\000R\000e\000n\000o\000r\000m\000a\000l\000i\000z\000a\000t\000i\000o\000n\000\040\000o\000f\000\040\000N\000L\000O\000\040\000c\000r\000o\000s\000s\000\040\000s\000e\000c\000t\000i\000o\000n}{section.3.3}% 39
\BOOKMARK [2][-]{subsection.3.3.4}{\376\377\000N\000u\000m\000e\000r\000i\000c\000a\000l\000\040\000E\000v\000a\000l\000u\000a\000t\000i\000o\000n\000\040\000o\000f\000\040\000t\000h\000e\000\040\000H\000a\000d\000r\000o\000n\000i\000c\000\040\000D\000r\000e\000l\000l\000-\000Y\000a\000n\000\040\000C\000r\000o\000s\000s\000\040\000S\000e\000c\000t\000i\000o\000n}{section.3.3}% 40
\BOOKMARK [0][-]{chapter.4}{\376\377\000R\000e\000s\000u\000m\000m\000a\000t\000i\000o\000n\000\040\000u\000s\000i\000n\000g\000\040\000W\000i\000l\000s\000o\000n\000\040\000L\000i\000n\000e\000s}{}% 41
\BOOKMARK [1][-]{section.4.1}{\376\377\000E\000x\000p\000o\000n\000e\000n\000t\000i\000a\000t\000i\000o\000n}{chapter.4}% 42
\BOOKMARK [1][-]{section.4.2}{\376\377\000M\000e\000l\000l\000i\000n\000\040\000S\000p\000a\000c\000e\000\040\000F\000a\000c\000t\000o\000r\000i\000z\000a\000t\000i\000o\000n}{chapter.4}% 43
\BOOKMARK [2][-]{subsection.4.2.1}{\376\377\000P\000h\000a\000s\000e\000\040\000S\000p\000a\000c\000e\000\040\000F\000a\000c\000t\000o\000r\000i\000z\000a\000t\000i\000o\000n}{section.4.2}% 44
\BOOKMARK [2][-]{subsection.4.2.2}{\376\377\000H\000a\000d\000r\000o\000n\000i\000c\000\040\000C\000r\000o\000s\000s\000\040\000S\000e\000c\000t\000i\000o\000n\000\040\000i\000n\000\040\000M\000e\000l\000l\000i\000n\000\040\000S\000p\000a\000c\000e}{section.4.2}% 45
\BOOKMARK [1][-]{section.4.3}{\376\377\000T\000h\000r\000e\000s\000h\000o\000l\000d\000\040\000F\000a\000c\000t\000o\000r\000i\000z\000a\000t\000i\000o\000n}{chapter.4}% 46
\BOOKMARK [1][-]{section.4.4}{\376\377\000F\000a\000c\000t\000o\000r\000i\000z\000a\000t\000i\000o\000n\000\040\000o\000f\000\040\000S\000o\000f\000t\000\040\000G\000l\000u\000o\000n\000s}{chapter.4}% 47
\BOOKMARK [1][-]{section.4.5}{\376\377\000R\000e\000n\000o\000r\000m\000a\000l\000i\000z\000a\000t\000i\000o\000n\000\040\000o\000f\000\040\000W\000i\000l\000s\000o\000n\000\040\000L\000i\000n\000e\000s}{chapter.4}% 48
\BOOKMARK [2][-]{subsection.4.5.1}{\376\377\000O\000n\000e\000-\000L\000o\000o\000p\000\040\000C\000u\000s\000p\000\040\000A\000n\000o\000m\000a\000l\000o\000u\000s\000\040\000D\000i\000m\000e\000n\000s\000i\000o\000n}{section.4.5}% 49
\BOOKMARK [1][-]{section.4.6}{\376\377\000E\000x\000p\000o\000n\000e\000n\000t\000i\000a\000t\000i\000o\000n\000\040\000o\000f\000\040\000P\000a\000r\000t\000o\000n\000-\000I\000n\000-\000P\000a\000r\000t\000o\000n\000\040\000D\000i\000s\000t\000r\000i\000b\000u\000t\000i\000o\000n\000s}{chapter.4}% 50
\BOOKMARK [2][-]{subsection.4.6.1}{\376\377\000H\000a\000r\000d\000\040\000V\000i\000r\000t\000u\000a\000l\000\040\000G\000l\000u\000o\000n\000s}{section.4.6}% 51
\BOOKMARK [1][-]{section.4.7}{\376\377\000T\000h\000e\000\040\000E\000i\000k\000o\000n\000a\000l\000\040\000C\000r\000o\000s\000s\000\040\000S\000e\000c\000t\000i\000o\000n}{chapter.4}% 52
\BOOKMARK [1][-]{section.4.8}{\376\377\000L\000o\000g\000a\000r\000i\000t\000h\000m\000i\000c\000\040\000C\000o\000r\000r\000e\000c\000t\000i\000o\000n\000s\000\040\000i\000n\000\040\000D\000r\000e\000l\000l\000-\000Y\000a\000n}{chapter.4}% 53
\BOOKMARK [1][-]{section.4.9}{\376\377\000H\000a\000d\000r\000o\000n\000i\000c\000\040\000C\000r\000o\000s\000s\000\040\000S\000e\000c\000t\000i\000o\000n\000\040\000a\000n\000d\000\040\000I\000n\000v\000e\000r\000s\000e\000\040\000M\000e\000l\000l\000i\000n}{chapter.4}% 54
\BOOKMARK [2][-]{subsection.4.9.1}{\376\377\000T\000h\000e\000\040\000I\000n\000v\000e\000r\000s\000e\000\040\000M\000e\000l\000l\000i\000n\000\040\000T\000r\000a\000n\000s\000f\000o\000r\000m}{section.4.9}% 55
\BOOKMARK [2][-]{subsection.4.9.2}{\376\377\000H\000a\000d\000r\000o\000n\000i\000c\000\040\000C\000r\000o\000s\000s\000\040\000S\000e\000c\000t\000i\000o\000n\000\040\000i\000n\000\040\000x\000-\000s\000p\000a\000c\000e}{section.4.9}% 56
\BOOKMARK [0][-]{chapter*.54}{\376\377\000C\000o\000n\000c\000l\000u\000s\000i\000o\000n}{}% 57
\BOOKMARK [0][-]{section*.55}{\376\377\000A\000p\000p\000e\000n\000d\000i\000c\000e\000s}{}% 58
\BOOKMARK [0][-]{appendix*.56}{\376\377\000A\000p\000p\000e\000n\000d\000i\000x\000\040\000A}{}% 59
\BOOKMARK [1][-]{section.Alph0.1}{\376\377\000L\000i\000g\000h\000t\000-\000C\000o\000n\000e\000\040\000C\000o\000o\000r\000d\000i\000n\000a\000t\000e\000s}{appendix*.56}% 60
\BOOKMARK [0][-]{appendix*.57}{\376\377\000A\000p\000p\000e\000n\000d\000i\000x\000\040\000B}{}% 61
\BOOKMARK [1][-]{section.Alph0.1}{\376\377\000D\000i\000r\000a\000c\000\040\000G\000a\000m\000m\000a\000\040\000M\000a\000t\000r\000i\000c\000e\000s}{appendix*.57}% 62
\BOOKMARK [0][-]{appendix*.58}{\376\377\000A\000p\000p\000e\000n\000d\000i\000x\000\040\000C}{}% 63
\BOOKMARK [1][-]{section.Alph0.1}{\376\377\000P\000l\000u\000s\000\040\000D\000i\000s\000t\000r\000i\000b\000u\000t\000i\000o\000n\000s}{appendix*.58}% 64
\BOOKMARK [0][-]{appendix*.59}{\376\377\000A\000p\000p\000e\000n\000d\000i\000x\000\040\000D}{}% 65
\BOOKMARK [1][-]{section.Alph0.1}{\376\377\000T\000h\000e\000\040\000M\000e\000l\000l\000i\000n\000\040\000T\000r\000a\000n\000s\000f\000o\000r\000m}{appendix*.59}% 66
\BOOKMARK [2][-]{subsection.Alph0.1.1}{\376\377\000M\000e\000l\000l\000i\000n\000\040\000T\000r\000a\000n\000s\000f\000o\000r\000m\000s\000\040\000o\000f\000\040\000F\000u\000n\000c\000t\000i\000o\000n\000s}{section.Alph0.1}% 67
